You owe: $35.00

Takehome: $45.00
Earnings: $80.00
 Percent: 12.50%
   Tithe: $10.00
   Extra: $25.00
