You owe: $10.00

Takehome: $70.00
Earnings: $80.00
 Percent: 12.50%
