You owe: $75.03

Takehome: $675.23
Earnings: $750.25
 Percent: 10.00%
