You owe: $10.00

Takehome: $90.00
Earnings: $100.00
 Percent: 10.00%
