Usage:
    decima [--percent p] [--extra e] [--breakdown] <earnings>...
    decima --help
    decima --version
