You owe: $35.00

Takehome: $65.00
Earnings: $100.00
 Percent: 10.00%
   Tithe: $10.00
   Extra: $25.00
