You owe: $200.00

Takehome: $800.00
Earnings: $1000.00
 Percent: 10.00%
   Tithe: $100.00
   Extra: $100.00
