You owe: $150.00

Takehome: $1350.00
Earnings: $1500.00
 Percent: 10.00%
