You owe: $0.00

Takehome: $0.00
Earnings: $0.00
 Percent: 10.00%
