You owe: $187.50

Takehome: $1312.50
Earnings: $1500.00
 Percent: 12.50%
