You owe: $206.53

Takehome: $1043.74
Earnings: $1250.28
 Percent: 12.50%
   Tithe: $156.28
   Extra: $50.25
